Usando la configuración de inicio de Catalog.API\Properties\launchSettings.json...
info: Microsoft.EntityFrameworkCore.Database.Command[20101]
      Executed DbCommand (26ms) [Parameters=[], CommandType='Text', CommandTimeout='30']
      PRAGMA journal_mode = 'wal';
info: Microsoft.EntityFrameworkCore.Migrations[20411]
      Acquiring an exclusive lock for migration application. See https://aka.ms/efcore-docs-migrations-lock for more information if this takes too long.
info: Microsoft.EntityFrameworkCore.Database.Command[20101]
      Executed DbCommand (9ms) [Parameters=[], CommandType='Text', CommandTimeout='30']
      SELECT COUNT(*) FROM "sqlite_master" WHERE "name" = '__EFMigrationsLock' AND "type" = 'table';
info: Microsoft.EntityFrameworkCore.Database.Command[20101]
      Executed DbCommand (7ms) [Parameters=[], CommandType='Text', CommandTimeout='30']
      CREATE TABLE IF NOT EXISTS "__EFMigrationsLock" (
          "Id" INTEGER NOT NULL CONSTRAINT "PK___EFMigrationsLock" PRIMARY KEY,
          "Timestamp" TEXT NOT NULL
      );
info: Microsoft.EntityFrameworkCore.Database.Command[20101]
      Executed DbCommand (1ms) [Parameters=[], CommandType='Text', CommandTimeout='30']
      INSERT OR IGNORE INTO "__EFMigrationsLock"("Id", "Timestamp") VALUES(1, '2026-08-31 13:05:30.6204732+00:00');
      SELECT changes();
info: Microsoft.EntityFrameworkCore.Database.Command[20101]
      Executed DbCommand (0ms) [Parameters=[], CommandType='Text', CommandTimeout='30']
      CREATE TABLE IF NOT EXISTS "__EFMigrationsHistory" (
          "MigrationId" TEXT NOT NULL CONSTRAINT "PK___EFMigrationsHistory" PRIMARY KEY,
          "ProductVersion" TEXT NOT NULL
      );
info: Microsoft.EntityFrameworkCore.Database.Command[20101]
      Executed DbCommand (0ms) [Parameters=[], CommandType='Text', CommandTimeout='30']
      SELECT COUNT(*) FROM "sqlite_master" WHERE "name" = '__EFMigrationsHistory' AND "type" = 'table';
info: Microsoft.EntityFrameworkCore.Database.Command[20101]
      Executed DbCommand (1ms) [Parameters=[], CommandType='Text', CommandTimeout='30']
      SELECT "MigrationId", "ProductVersion"
      FROM "__EFMigrationsHistory"
      ORDER BY "MigrationId";
info: Microsoft.EntityFrameworkCore.Migrations[20402]
      Applying migration '20260831123232_InitialCreate'.
info: Microsoft.EntityFrameworkCore.Database.Command[20101]
      Executed DbCommand (0ms) [Parameters=[], CommandType='Text', CommandTimeout='30']
      CREATE TABLE "ApplicationUsers" (
          "Id" INTEGER NOT NULL CONSTRAINT "PK_ApplicationUsers" PRIMARY KEY AUTOINCREMENT,
          "Username" TEXT NOT NULL,
          "PasswordHash" TEXT NOT NULL,
          "Role" TEXT NOT NULL
      );
info: Microsoft.EntityFrameworkCore.Database.Command[20101]
      Executed DbCommand (0ms) [Parameters=[], CommandType='Text', CommandTimeout='30']
      CREATE TABLE "Categories" (
          "Id" INTEGER NOT NULL CONSTRAINT "PK_Categories" PRIMARY KEY AUTOINCREMENT,
          "Name" TEXT NOT NULL,
          "Description" TEXT NULL
      );
info: Microsoft.EntityFrameworkCore.Database.Command[20101]
      Executed DbCommand (0ms) [Parameters=[], CommandType='Text', CommandTimeout='30']
      CREATE TABLE "Products" (
          "Id" INTEGER NOT NULL CONSTRAINT "PK_Products" PRIMARY KEY AUTOINCREMENT,
          "Sku" TEXT NOT NULL,
          "Name" TEXT NOT NULL,
          "Description" TEXT NULL,
          "BasePrice" TEXT NOT NULL,
          "Stock" INTEGER NOT NULL,
          "CategoryId" INTEGER NOT NULL,
          CONSTRAINT "FK_Products_Categories_CategoryId" FOREIGN KEY ("CategoryId") REFERENCES "Categories" ("Id") ON DELETE CASCADE
      );
info: Microsoft.EntityFrameworkCore.Database.Command[20101]
      Executed DbCommand (0ms) [Parameters=[], CommandType='Text', CommandTimeout='30']
      CREATE INDEX "IX_Products_CategoryId" ON "Products" ("CategoryId");
info: Microsoft.EntityFrameworkCore.Database.Command[20101]
      Executed DbCommand (0ms) [Parameters=[], CommandType='Text', CommandTimeout='30']
      INSERT INTO "__EFMigrationsHistory" ("MigrationId", "ProductVersion")
      VALUES ('20260831123232_InitialCreate', '9.0.18');
info: Microsoft.EntityFrameworkCore.Database.Command[20101]
      Executed DbCommand (2ms) [Parameters=[], CommandType='Text', CommandTimeout='30']
      DELETE FROM "__EFMigrationsLock";
info: Microsoft.EntityFrameworkCore.Database.Command[20101]
      Executed DbCommand (0ms) [Parameters=[], CommandType='Text', CommandTimeout='30']
      SELECT EXISTS (
          SELECT 1
          FROM "ApplicationUsers" AS "a")
info: Microsoft.EntityFrameworkCore.Database.Command[20101]
      Executed DbCommand (0ms) [Parameters=[], CommandType='Text', CommandTimeout='30']
      SELECT EXISTS (
          SELECT 1
          FROM "Categories" AS "c")
info: Microsoft.EntityFrameworkCore.Database.Command[20101]
      Executed DbCommand (12ms) [Parameters=[@p0='?' (Size = 64), @p1='?' (Size = 5), @p2='?' (Size = 5)], CommandType='Text', CommandTimeout='30']
      INSERT INTO "ApplicationUsers" ("PasswordHash", "Role", "Username")
      VALUES (@p0, @p1, @p2)
      RETURNING "Id";
info: Microsoft.EntityFrameworkCore.Database.Command[20101]
      Executed DbCommand (0ms) [Parameters=[@p0='?' (Size = 64), @p1='?' (Size = 6), @p2='?' (Size = 6)], CommandType='Text', CommandTimeout='30']
      INSERT INTO "ApplicationUsers" ("PasswordHash", "Role", "Username")
      VALUES (@p0, @p1, @p2)
      RETURNING "Id";
info: Microsoft.EntityFrameworkCore.Database.Command[20101]
      Executed DbCommand (0ms) [Parameters=[@p0='?' (Size = 38), @p1='?' (Size = 11)], CommandType='Text', CommandTimeout='30']
      INSERT INTO "Categories" ("Description", "Name")
      VALUES (@p0, @p1)
      RETURNING "Id";
info: Microsoft.EntityFrameworkCore.Database.Command[20101]
      Executed DbCommand (0ms) [Parameters=[@p0='?' (Size = 23), @p1='?' (Size = 5)], CommandType='Text', CommandTimeout='30']
      INSERT INTO "Categories" ("Description", "Name")
      VALUES (@p0, @p1)
      RETURNING "Id";
info: Microsoft.EntityFrameworkCore.Database.Command[20101]
      Executed DbCommand (0ms) [Parameters=[@p0='?' (Size = 35), @p1='?' (Size = 7)], CommandType='Text', CommandTimeout='30']
      INSERT INTO "Categories" ("Description", "Name")
      VALUES (@p0, @p1)
      RETURNING "Id";
info: Microsoft.EntityFrameworkCore.Database.Command[20101]
      Executed DbCommand (0ms) [Parameters=[], CommandType='Text', CommandTimeout='30']
      SELECT EXISTS (
          SELECT 1
          FROM "Products" AS "p")
info: Microsoft.EntityFrameworkCore.Database.Command[20101]
      Executed DbCommand (2ms) [Parameters=[@p0='?' (DbType = Decimal), @p1='?' (DbType = Int32), @p2='?' (Size = 37), @p3='?' (Size = 19), @p4='?' (Size = 8), @p5='?' (DbType = Int32)], CommandType='Text', CommandTimeout='30']
      INSERT INTO "Products" ("BasePrice", "CategoryId", "Description", "Name", "Sku", "Stock")
      VALUES (@p0, @p1, @p2, @p3, @p4, @p5)
      RETURNING "Id";
info: Microsoft.EntityFrameworkCore.Database.Command[20101]
      Executed DbCommand (0ms) [Parameters=[@p0='?' (DbType = Decimal), @p1='?' (DbType = Int32), @p2='?' (Size = 44), @p3='?' (Size = 19), @p4='?' (Size = 8), @p5='?' (DbType = Int32)], CommandType='Text', CommandTimeout='30']
      INSERT INTO "Products" ("BasePrice", "CategoryId", "Description", "Name", "Sku", "Stock")
      VALUES (@p0, @p1, @p2, @p3, @p4, @p5)
      RETURNING "Id";
info: Microsoft.EntityFrameworkCore.Database.Command[20101]
      Executed DbCommand (0ms) [Parameters=[@p0='?' (DbType = Decimal), @p1='?' (DbType = Int32), @p2='?' (Size = 32), @p3='?' (Size = 13), @p4='?' (Size = 9), @p5='?' (DbType = Int32)], CommandType='Text', CommandTimeout='30']
      INSERT INTO "Products" ("BasePrice", "CategoryId", "Description", "Name", "Sku", "Stock")
      VALUES (@p0, @p1, @p2, @p3, @p4, @p5)
      RETURNING "Id";
info: Microsoft.EntityFrameworkCore.Database.Command[20101]
      Executed DbCommand (0ms) [Parameters=[@p0='?' (DbType = Decimal), @p1='?' (DbType = Int32), @p2='?' (Size = 37), @p3='?' (Size = 27), @p4='?' (Size = 9), @p5='?' (DbType = Int32)], CommandType='Text', CommandTimeout='30']
      INSERT INTO "Products" ("BasePrice", "CategoryId", "Description", "Name", "Sku", "Stock")
      VALUES (@p0, @p1, @p2, @p3, @p4, @p5)
      RETURNING "Id";
info: Microsoft.EntityFrameworkCore.Database.Command[20101]
      Executed DbCommand (0ms) [Parameters=[@p0='?' (DbType = Decimal), @p1='?' (DbType = Int32), @p2='?' (Size = 43), @p3='?' (Size = 16), @p4='?' (Size = 8), @p5='?' (DbType = Int32)], CommandType='Text', CommandTimeout='30']
      INSERT INTO "Products" ("BasePrice", "CategoryId", "Description", "Name", "Sku", "Stock")
      VALUES (@p0, @p1, @p2, @p3, @p4, @p5)
      RETURNING "Id";
info: Microsoft.EntityFrameworkCore.Database.Command[20101]
      Executed DbCommand (0ms) [Parameters=[@p0='?' (DbType = Decimal), @p1='?' (DbType = Int32), @p2='?' (Size = 39), @p3='?' (Size = 17), @p4='?' (Size = 8), @p5='?' (DbType = Int32)], CommandType='Text', CommandTimeout='30']
      INSERT INTO "Products" ("BasePrice", "CategoryId", "Description", "Name", "Sku", "Stock")
      VALUES (@p0, @p1, @p2, @p3, @p4, @p5)
      RETURNING "Id";
info: Microsoft.Hosting.Lifetime[14]
      Now listening on: http://localhost:5001
info: Microsoft.Hosting.Lifetime[0]
      Application started. Press Ctrl+C to shut down.
info: Microsoft.Hosting.Lifetime[0]
      Hosting environment: Development
info: Microsoft.Hosting.Lifetime[0]
      Content root path: C:\Users\Administrador\.cline\data\workspaces\chat\product-catalog-pricing\backend\Catalog.API
info: Microsoft.EntityFrameworkCore.Database.Command[20101]
      Executed DbCommand (0ms) [Parameters=[@__request_Username_0='?' (Size = 5)], CommandType='Text', CommandTimeout='30']
      SELECT "a"."Id", "a"."PasswordHash", "a"."Role", "a"."Username"
      FROM "ApplicationUsers" AS "a"
      WHERE "a"."Username" = @__request_Username_0
      LIMIT 1
info: Microsoft.EntityFrameworkCore.Database.Command[20101]
      Executed DbCommand (0ms) [Parameters=[], CommandType='Text', CommandTimeout='30']
      SELECT "c"."Id", "c"."Description", "c"."Name"
      FROM "Categories" AS "c"
      ORDER BY "c"."Name"
info: Microsoft.EntityFrameworkCore.Database.Command[20101]
      Executed DbCommand (6ms) [Parameters=[], CommandType='Text', CommandTimeout='30']
      SELECT "p"."Id", "p"."BasePrice", "p"."CategoryId", "p"."Description", "p"."Name", "p"."Sku", "p"."Stock", "c"."Id", "c"."Description", "c"."Name"
      FROM "Products" AS "p"
      INNER JOIN "Categories" AS "c" ON "p"."CategoryId" = "c"."Id"
      ORDER BY "p"."Name"
info: System.Net.Http.HttpClient.IPricingClient.LogicalHandler[100]
      Start processing HTTP request POST http://localhost:5002/api/pricing/calculate
info: System.Net.Http.HttpClient.IPricingClient.ClientHandler[100]
      Sending HTTP request POST http://localhost:5002/api/pricing/calculate
info: System.Net.Http.HttpClient.IPricingClient.ClientHandler[101]
      Received HTTP response headers after 1092.9354ms - 200
info: System.Net.Http.HttpClient.IPricingClient.LogicalHandler[101]
      End processing HTTP request after 1131.7213ms - 200
info: System.Net.Http.HttpClient.IPricingClient.LogicalHandler[100]
      Start processing HTTP request POST http://localhost:5002/api/pricing/calculate
info: System.Net.Http.HttpClient.IPricingClient.ClientHandler[100]
      Sending HTTP request POST http://localhost:5002/api/pricing/calculate
info: System.Net.Http.HttpClient.IPricingClient.ClientHandler[101]
      Received HTTP response headers after 260.2148ms - 200
info: System.Net.Http.HttpClient.IPricingClient.LogicalHandler[101]
      End processing HTTP request after 260.6202ms - 200
info: System.Net.Http.HttpClient.IPricingClient.LogicalHandler[100]
      Start processing HTTP request POST http://localhost:5002/api/pricing/calculate
info: System.Net.Http.HttpClient.IPricingClient.ClientHandler[100]
      Sending HTTP request POST http://localhost:5002/api/pricing/calculate
info: System.Net.Http.HttpClient.IPricingClient.ClientHandler[101]
      Received HTTP response headers after 29.3562ms - 200
info: System.Net.Http.HttpClient.IPricingClient.LogicalHandler[101]
      End processing HTTP request after 29.6369ms - 200
info: System.Net.Http.HttpClient.IPricingClient.LogicalHandler[100]
      Start processing HTTP request POST http://localhost:5002/api/pricing/calculate
info: System.Net.Http.HttpClient.IPricingClient.ClientHandler[100]
      Sending HTTP request POST http://localhost:5002/api/pricing/calculate
info: System.Net.Http.HttpClient.IPricingClient.ClientHandler[101]
      Received HTTP response headers after 8.4584ms - 200
info: System.Net.Http.HttpClient.IPricingClient.LogicalHandler[101]
      End processing HTTP request after 8.7978ms - 200
info: System.Net.Http.HttpClient.IPricingClient.LogicalHandler[100]
      Start processing HTTP request POST http://localhost:5002/api/pricing/calculate
info: System.Net.Http.HttpClient.IPricingClient.ClientHandler[100]
      Sending HTTP request POST http://localhost:5002/api/pricing/calculate
info: System.Net.Http.HttpClient.IPricingClient.ClientHandler[101]
      Received HTTP response headers after 8.5285ms - 200
info: System.Net.Http.HttpClient.IPricingClient.LogicalHandler[101]
      End processing HTTP request after 8.9244ms - 200
info: System.Net.Http.HttpClient.IPricingClient.LogicalHandler[100]
      Start processing HTTP request POST http://localhost:5002/api/pricing/calculate
info: System.Net.Http.HttpClient.IPricingClient.ClientHandler[100]
      Sending HTTP request POST http://localhost:5002/api/pricing/calculate
info: System.Net.Http.HttpClient.IPricingClient.ClientHandler[101]
      Received HTTP response headers after 9.2318ms - 200
info: System.Net.Http.HttpClient.IPricingClient.LogicalHandler[101]
      End processing HTTP request after 9.5577ms - 200
info: Microsoft.EntityFrameworkCore.Database.Command[20101]
      Executed DbCommand (0ms) [Parameters=[@__request_Username_0='?' (Size = 6)], CommandType='Text', CommandTimeout='30']
      SELECT "a"."Id", "a"."PasswordHash", "a"."Role", "a"."Username"
      FROM "ApplicationUsers" AS "a"
      WHERE "a"."Username" = @__request_Username_0
      LIMIT 1
